
> transworld-medical-management@0.0.0 build
> vite build

[36mvite v6.4.1 [32mbuilding for production...[36m[39m

/index.css doesn't exist at build time, it will remain unchanged to be resolved at runtime
transforming...
[32mΓ£ô[39m 28 modules transformed.
Γ£ù Build failed in 596ms
error during build:
[vite]: Rollup failed to resolve import "lucide-react" from "C:/Users/ejazm/OneDrive/Projects/TransWorld/ClinicConsulting/pages/M365Audit.tsx".
This is most likely unintended because it can break your application at runtime.
If you do want to externalize this module explicitly add it to
`build.rollupOptions.external`
    at viteLog (file:///C:/Users/ejazm/OneDrive/Projects/TransWorld/ClinicConsulting/node_modules/vite/dist/node/chunks/dep-D4NMHUTW.js:46374:15)
    at file:///C:/Users/ejazm/OneDrive/Projects/TransWorld/ClinicConsulting/node_modules/vite/dist/node/chunks/dep-D4NMHUTW.js:46432:18
    at onwarn (file:///C:/Users/ejazm/OneDrive/Projects/TransWorld/ClinicConsulting/node_modules/@vitejs/plugin-react/dist/index.js:76:7)
    at file:///C:/Users/ejazm/OneDrive/Projects/TransWorld/ClinicConsulting/node_modules/vite/dist/node/chunks/dep-D4NMHUTW.js:46430:7
    at onRollupLog (file:///C:/Users/ejazm/OneDrive/Projects/TransWorld/ClinicConsulting/node_modules/vite/dist/node/chunks/dep-D4NMHUTW.js:46422:5)
    at onLog (file:///C:/Users/ejazm/OneDrive/Projects/TransWorld/ClinicConsulting/node_modules/vite/dist/node/chunks/dep-D4NMHUTW.js:46072:7)
    at file:///C:/Users/ejazm/OneDrive/Projects/TransWorld/ClinicConsulting/node_modules/rollup/dist/es/shared/node-entry.js:20981:32
    at Object.logger [as onLog] (file:///C:/Users/ejazm/OneDrive/Projects/TransWorld/ClinicConsulting/node_modules/rollup/dist/es/shared/node-entry.js:22968:9)
    at ModuleLoader.handleInvalidResolvedId (file:///C:/Users/ejazm/OneDrive/Projects/TransWorld/ClinicConsulting/node_modules/rollup/dist/es/shared/node-entry.js:21712:26)
    at file:///C:/Users/ejazm/OneDrive/Projects/TransWorld/ClinicConsulting/node_modules/rollup/dist/es/shared/node-entry.js:21670:26
